
> woo-clone@0.0.0 scenario /Users/antoinem/Documents/00_Projects/xx_ORIGINATOR/repo
> node --import tsx src/cli.ts fixtures/discovery/target-transitions.json

{
  "id": "target-transitions",
  "projection": {
    "lines": [
      {
        "ref": "cafe-decouverte",
        "variant": "250g-grains",
        "qty": 1,
        "line_subtotal": 946,
        "line_subtotal_tax": 52,
        "line_total": 851,
        "line_total_tax": 47
      }
    ],
    "coupons": [
      {
        "code": "decouverte10",
        "total_discount": 95,
        "total_discount_tax": 5
      }
    ],
    "totals": {
      "total_items": 946,
      "total_items_tax": 52,
      "total_discount": 95,
      "total_discount_tax": 5
    },
    "decisions": [
      {
        "accepted": true,
        "action_index": 0
      },
      {
        "accepted": true,
        "action_index": 1
      },
      {
        "accepted": true,
        "action_index": 2
      },
      {
        "accepted": false,
        "code": "readonly_quantity",
        "message": "La quantité de « Café Découverte - 250g » ne peut pas être modifiée",
        "action_index": 3
      },
      {
        "accepted": true,
        "action_index": 4
      },
      {
        "accepted": false,
        "code": "woocommerce_rest_cart_coupon_error",
        "message": "Le code promo &laquo;&nbsp;originator-nonexistent-20260918&nbsp;&raquo; n’existe pas !",
        "action_index": 5
      },
      {
        "accepted": true,
        "action_index": 6
      },
      {
        "accepted": true,
        "action_index": 7
      },
      {
        "accepted": true,
        "action_index": 8
      },
      {
        "accepted": true,
        "action_index": 9
      }
    ]
  },
  "checkpoints": [
    {
      "after_action": 0,
      "projection": {
        "lines": [
          {
            "ref": "cafe-decouverte",
            "variant": "250g-grains",
            "qty": 1,
            "line_subtotal": 946,
            "line_subtotal_tax": 52,
            "line_total": 946,
            "line_total_tax": 52
          }
        ],
        "coupons": [],
        "totals": {
          "total_items": 946,
          "total_items_tax": 52,
          "total_discount": 0,
          "total_discount_tax": 0
        }
      }
    },
    {
      "after_action": 1,
      "projection": {
        "lines": [
          {
            "ref": "cafe-decouverte",
            "variant": "250g-grains",
            "qty": 1,
            "line_subtotal": 946,
            "line_subtotal_tax": 52,
            "line_total": 946,
            "line_total_tax": 52
          },
          {
            "ref": "spatules",
            "qty": 1,
            "line_subtotal": 125,
            "line_subtotal_tax": 25,
            "line_total": 125,
            "line_total_tax": 25
          }
        ],
        "coupons": [],
        "totals": {
          "total_items": 1071,
          "total_items_tax": 77,
          "total_discount": 0,
          "total_discount_tax": 0
        }
      }
    },
    {
      "after_action": 2,
      "projection": {
        "lines": [
          {
            "ref": "cafe-decouverte",
            "variant": "250g-grains",
            "qty": 1,
            "line_subtotal": 946,
            "line_subtotal_tax": 52,
            "line_total": 851,
            "line_total_tax": 47
          },
          {
            "ref": "spatules",
            "qty": 1,
            "line_subtotal": 125,
            "line_subtotal_tax": 25,
            "line_total": 125,
            "line_total_tax": 25
          }
        ],
        "coupons": [
          {
            "code": "decouverte10",
            "total_discount": 95,
            "total_discount_tax": 5
          }
        ],
        "totals": {
          "total_items": 1071,
          "total_items_tax": 77,
          "total_discount": 95,
          "total_discount_tax": 5
        }
      }
    },
    {
      "after_action": 4,
      "projection": {
        "lines": [
          {
            "ref": "cafe-decouverte",
            "variant": "250g-grains",
            "qty": 1,
            "line_subtotal": 946,
            "line_subtotal_tax": 52,
            "line_total": 851,
            "line_total_tax": 47
          },
          {
            "ref": "spatules",
            "qty": 1,
            "line_subtotal": 125,
            "line_subtotal_tax": 25,
            "line_total": 125,
            "line_total_tax": 25
          }
        ],
        "coupons": [
          {
            "code": "decouverte10",
            "total_discount": 95,
            "total_discount_tax": 5
          }
        ],
        "totals": {
          "total_items": 1071,
          "total_items_tax": 77,
          "total_discount": 95,
          "total_discount_tax": 5
        }
      }
    },
    {
      "after_action": 5,
      "projection": {
        "lines": [
          {
            "ref": "cafe-decouverte",
            "variant": "250g-grains",
            "qty": 1,
            "line_subtotal": 946,
            "line_subtotal_tax": 52,
            "line_total": 851,
            "line_total_tax": 47
          },
          {
            "ref": "spatules",
            "qty": 1,
            "line_subtotal": 125,
            "line_subtotal_tax": 25,
            "line_total": 125,
            "line_total_tax": 25
          }
        ],
        "coupons": [
          {
            "code": "decouverte10",
            "total_discount": 95,
            "total_discount_tax": 5
          }
        ],
        "totals": {
          "total_items": 1071,
          "total_items_tax": 77,
          "total_discount": 95,
          "total_discount_tax": 5
        }
      }
    },
    {
      "after_action": 6,
      "projection": {
        "lines": [
          {
            "ref": "cafe-decouverte",
            "variant": "250g-grains",
            "qty": 1,
            "line_subtotal": 946,
            "line_subtotal_tax": 52,
            "line_total": 946,
            "line_total_tax": 52
          },
          {
            "ref": "spatules",
            "qty": 1,
            "line_subtotal": 125,
            "line_subtotal_tax": 25,
            "line_total": 125,
            "line_total_tax": 25
          }
        ],
        "coupons": [],
        "totals": {
          "total_items": 1071,
          "total_items_tax": 77,
          "total_discount": 0,
          "total_discount_tax": 0
        }
      }
    },
    {
      "after_action": 7,
      "projection": {
        "lines": [
          {
            "ref": "cafe-decouverte",
            "variant": "250g-grains",
            "qty": 1,
            "line_subtotal": 946,
            "line_subtotal_tax": 52,
            "line_total": 851,
            "line_total_tax": 47
          },
          {
            "ref": "spatules",
            "qty": 1,
            "line_subtotal": 125,
            "line_subtotal_tax": 25,
            "line_total": 125,
            "line_total_tax": 25
          }
        ],
        "coupons": [
          {
            "code": "decouverte10",
            "total_discount": 95,
            "total_discount_tax": 5
          }
        ],
        "totals": {
          "total_items": 1071,
          "total_items_tax": 77,
          "total_discount": 95,
          "total_discount_tax": 5
        }
      }
    },
    {
      "after_action": 8,
      "projection": {
        "lines": [
          {
            "ref": "cafe-decouverte",
            "variant": "250g-grains",
            "qty": 1,
            "line_subtotal": 946,
            "line_subtotal_tax": 52,
            "line_total": 851,
            "line_total_tax": 47
          },
          {
            "ref": "spatules",
            "qty": 2,
            "line_subtotal": 250,
            "line_subtotal_tax": 50,
            "line_total": 250,
            "line_total_tax": 50
          }
        ],
        "coupons": [
          {
            "code": "decouverte10",
            "total_discount": 95,
            "total_discount_tax": 5
          }
        ],
        "totals": {
          "total_items": 1196,
          "total_items_tax": 102,
          "total_discount": 95,
          "total_discount_tax": 5
        }
      }
    },
    {
      "after_action": 9,
      "projection": {
        "lines": [
          {
            "ref": "cafe-decouverte",
            "variant": "250g-grains",
            "qty": 1,
            "line_subtotal": 946,
            "line_subtotal_tax": 52,
            "line_total": 851,
            "line_total_tax": 47
          }
        ],
        "coupons": [
          {
            "code": "decouverte10",
            "total_discount": 95,
            "total_discount_tax": 5
          }
        ],
        "totals": {
          "total_items": 946,
          "total_items_tax": 52,
          "total_discount": 95,
          "total_discount_tax": 5
        }
      }
    }
  ],
  "differences": []
}
